Archive member included because of file (symbol)

c:/imt_sdk_win_64/winavr/bin/../lib/gcc/avr/4.3.3/avr5\libgcc.a(_divmodsi4.o)
                              ./HAL/LCD/LCD_Program.o (__divmodsi4)
c:/imt_sdk_win_64/winavr/bin/../lib/gcc/avr/4.3.3/avr5\libgcc.a(_exit.o)
                              c:/imt_sdk_win_64/winavr/bin/../lib/gcc/avr/4.3.3/../../../../avr/lib/avr5/crtm32.o (exit)
c:/imt_sdk_win_64/winavr/bin/../lib/gcc/avr/4.3.3/avr5\libgcc.a(_copy_data.o)
                              ./HAL/LCD/LCD_Program.o (__do_copy_data)
c:/imt_sdk_win_64/winavr/bin/../lib/gcc/avr/4.3.3/avr5\libgcc.a(_fixunssfsi.o)
                              ./HAL/LCD/LCD_Program.o (__fixunssfsi)
c:/imt_sdk_win_64/winavr/bin/../lib/gcc/avr/4.3.3/avr5\libgcc.a(_addsub_sf.o)
                              ./HAL/LCD/LCD_Program.o (__subsf3)
c:/imt_sdk_win_64/winavr/bin/../lib/gcc/avr/4.3.3/avr5\libgcc.a(_mul_sf.o)
                              ./HAL/LCD/LCD_Program.o (__mulsf3)
c:/imt_sdk_win_64/winavr/bin/../lib/gcc/avr/4.3.3/avr5\libgcc.a(_ge_sf.o)
                              c:/imt_sdk_win_64/winavr/bin/../lib/gcc/avr/4.3.3/avr5\libgcc.a(_fixunssfsi.o) (__gesf2)
c:/imt_sdk_win_64/winavr/bin/../lib/gcc/avr/4.3.3/avr5\libgcc.a(_sf_to_si.o)
                              ./HAL/LCD/LCD_Program.o (__fixsfsi)
c:/imt_sdk_win_64/winavr/bin/../lib/gcc/avr/4.3.3/avr5\libgcc.a(_thenan_sf.o)
                              c:/imt_sdk_win_64/winavr/bin/../lib/gcc/avr/4.3.3/avr5\libgcc.a(_addsub_sf.o) (__thenan_sf)
c:/imt_sdk_win_64/winavr/bin/../lib/gcc/avr/4.3.3/avr5\libgcc.a(_usi_to_sf.o)
                              ./HAL/LCD/LCD_Program.o (__floatunsisf)
c:/imt_sdk_win_64/winavr/bin/../lib/gcc/avr/4.3.3/avr5\libgcc.a(_udivmodsi4.o)
                              c:/imt_sdk_win_64/winavr/bin/../lib/gcc/avr/4.3.3/avr5\libgcc.a(_divmodsi4.o) (__udivmodsi4)
c:/imt_sdk_win_64/winavr/bin/../lib/gcc/avr/4.3.3/avr5\libgcc.a(_prologue.o)
                              c:/imt_sdk_win_64/winavr/bin/../lib/gcc/avr/4.3.3/avr5\libgcc.a(_addsub_sf.o) (__prologue_saves__)
c:/imt_sdk_win_64/winavr/bin/../lib/gcc/avr/4.3.3/avr5\libgcc.a(_epilogue.o)
                              c:/imt_sdk_win_64/winavr/bin/../lib/gcc/avr/4.3.3/avr5\libgcc.a(_addsub_sf.o) (__epilogue_restores__)
c:/imt_sdk_win_64/winavr/bin/../lib/gcc/avr/4.3.3/avr5\libgcc.a(_clzsi2.o)
                              c:/imt_sdk_win_64/winavr/bin/../lib/gcc/avr/4.3.3/avr5\libgcc.a(_usi_to_sf.o) (__clzsi2)
c:/imt_sdk_win_64/winavr/bin/../lib/gcc/avr/4.3.3/avr5\libgcc.a(_pack_sf.o)
                              c:/imt_sdk_win_64/winavr/bin/../lib/gcc/avr/4.3.3/avr5\libgcc.a(_addsub_sf.o) (__pack_f)
c:/imt_sdk_win_64/winavr/bin/../lib/gcc/avr/4.3.3/avr5\libgcc.a(_unpack_sf.o)
                              c:/imt_sdk_win_64/winavr/bin/../lib/gcc/avr/4.3.3/avr5\libgcc.a(_addsub_sf.o) (__unpack_f)
c:/imt_sdk_win_64/winavr/bin/../lib/gcc/avr/4.3.3/avr5\libgcc.a(_fpcmp_parts_sf.o)
                              c:/imt_sdk_win_64/winavr/bin/../lib/gcc/avr/4.3.3/avr5\libgcc.a(_ge_sf.o) (__fpcmp_parts_f)
c:/imt_sdk_win_64/winavr/bin/../lib/gcc/avr/4.3.3/avr5\libgcc.a(_clz.o)
                              c:/imt_sdk_win_64/winavr/bin/../lib/gcc/avr/4.3.3/avr5\libgcc.a(_clzsi2.o) (__clz_tab)
c:/imt_sdk_win_64/winavr/bin/../lib/gcc/avr/4.3.3/../../../../avr/lib/avr5\libc.a(strcmp.o)
                              ./main.o (strcmp)

Memory Configuration

Name             Origin             Length             Attributes
text             0x00000000         0x00020000         xr
data             0x00800060         0x0000ffa0         rw !x
eeprom           0x00810000         0x00010000         rw !x
fuse             0x00820000         0x00000400         rw !x
lock             0x00830000         0x00000400         rw !x
signature        0x00840000         0x00000400         rw !x
*default*        0x00000000         0xffffffff

Linker script and memory map

LOAD c:/imt_sdk_win_64/winavr/bin/../lib/gcc/avr/4.3.3/../../../../avr/lib/avr5/crtm32.o
LOAD ./MCAL/UART/UART_Program.o
LOAD ./MCAL/TIMER/TIMER_Program.o
LOAD ./MCAL/SPI/SPI_program.o
LOAD ./MCAL/GLOBAL_INT/GLOB_INT_Program.o
LOAD ./MCAL/EXT_INT/EXT_INT_Program.o
LOAD ./MCAL/EEPROM/EEPROM_Program.o
LOAD ./MCAL/DIO/DIO_Program.o
LOAD ./MCAL/ADC/ADC_Program.o
LOAD ./HAL/SOLENOID/SOL_Program.o
LOAD ./HAL/LED/LED_Program.o
LOAD ./HAL/LCD/LCD_Program.o
LOAD ./HAL/KEYPAD/KPD_Program.o
LOAD ./HAL/BUZZER/BUZ_Program.o
LOAD ./main.o
LOAD c:/imt_sdk_win_64/winavr/bin/../lib/gcc/avr/4.3.3/avr5\libgcc.a
LOAD c:/imt_sdk_win_64/winavr/bin/../lib/gcc/avr/4.3.3/../../../../avr/lib/avr5\libc.a
LOAD c:/imt_sdk_win_64/winavr/bin/../lib/gcc/avr/4.3.3/avr5\libgcc.a

.hash
 *(.hash)

.dynsym
 *(.dynsym)

.dynstr
 *(.dynstr)

.gnu.version
 *(.gnu.version)

.gnu.version_d
 *(.gnu.version_d)

.gnu.version_r
 *(.gnu.version_r)

.rel.init
 *(.rel.init)

.rela.init
 *(.rela.init)

.rel.text
 *(.rel.text)
 *(.rel.text.*)
 *(.rel.gnu.linkonce.t*)

.rela.text
 *(.rela.text)
 *(.rela.text.*)
 *(.rela.gnu.linkonce.t*)

.rel.fini
 *(.rel.fini)

.rela.fini
 *(.rela.fini)

.rel.rodata
 *(.rel.rodata)
 *(.rel.rodata.*)
 *(.rel.gnu.linkonce.r*)

.rela.rodata
 *(.rela.rodata)
 *(.rela.rodata.*)
 *(.rela.gnu.linkonce.r*)

.rel.data
 *(.rel.data)
 *(.rel.data.*)
 *(.rel.gnu.linkonce.d*)

.rela.data
 *(.rela.data)
 *(.rela.data.*)
 *(.rela.gnu.linkonce.d*)

.rel.ctors
 *(.rel.ctors)

.rela.ctors
 *(.rela.ctors)

.rel.dtors
 *(.rel.dtors)

.rela.dtors
 *(.rela.dtors)

.rel.got
 *(.rel.got)

.rela.got
 *(.rela.got)

.rel.bss
 *(.rel.bss)

.rela.bss
 *(.rela.bss)

.rel.plt
 *(.rel.plt)

.rela.plt
 *(.rela.plt)

.text           0x00000000     0x1af6
 *(.vectors)
 .vectors       0x00000000       0x54 c:/imt_sdk_win_64/winavr/bin/../lib/gcc/avr/4.3.3/../../../../avr/lib/avr5/crtm32.o
                0x00000000                __vectors
                0x00000000                __vector_default
 *(.vectors)
 *(.progmem.gcc*)
 *(.progmem*)
                0x00000054                . = ALIGN (0x2)
                0x00000054                __trampolines_start = .
 *(.trampolines)
 .trampolines   0x00000054        0x0 linker stubs
 *(.trampolines*)
                0x00000054                __trampolines_end = .
 *(.jumptables)
 *(.jumptables*)
 *(.lowtext)
 *(.lowtext*)
                0x00000054                __ctors_start = .
 *(.ctors)
                0x00000054                __ctors_end = .
                0x00000054                __dtors_start = .
 *(.dtors)
                0x00000054                __dtors_end = .
 SORT(*)(.ctors)
 SORT(*)(.dtors)
 *(.init0)
 .init0         0x00000054        0x0 c:/imt_sdk_win_64/winavr/bin/../lib/gcc/avr/4.3.3/../../../../avr/lib/avr5/crtm32.o
                0x00000054                __init
 *(.init0)
 *(.init1)
 *(.init1)
 *(.init2)
 .init2         0x00000054        0xc c:/imt_sdk_win_64/winavr/bin/../lib/gcc/avr/4.3.3/../../../../avr/lib/avr5/crtm32.o
 *(.init2)
 *(.init3)
 *(.init3)
 *(.init4)
 .init4         0x00000060       0x16 c:/imt_sdk_win_64/winavr/bin/../lib/gcc/avr/4.3.3/avr5\libgcc.a(_copy_data.o)
                0x00000060                __do_copy_data
 *(.init4)
 *(.init5)
 *(.init5)
 *(.init6)
 *(.init6)
 *(.init7)
 *(.init7)
 *(.init8)
 *(.init8)
 *(.init9)
 .init9         0x00000076        0x8 c:/imt_sdk_win_64/winavr/bin/../lib/gcc/avr/4.3.3/../../../../avr/lib/avr5/crtm32.o
 *(.init9)
 *(.text)
 .text          0x0000007e        0x4 c:/imt_sdk_win_64/winavr/bin/../lib/gcc/avr/4.3.3/../../../../avr/lib/avr5/crtm32.o
                0x0000007e                __vector_1
                0x0000007e                __vector_12
                0x0000007e                __bad_interrupt
                0x0000007e                __vector_6
                0x0000007e                __vector_3
                0x0000007e                __vector_11
                0x0000007e                __vector_13
                0x0000007e                __vector_17
                0x0000007e                __vector_19
                0x0000007e                __vector_7
                0x0000007e                __vector_5
                0x0000007e                __vector_4
                0x0000007e                __vector_9
                0x0000007e                __vector_2
                0x0000007e                __vector_15
                0x0000007e                __vector_8
                0x0000007e                __vector_14
                0x0000007e                __vector_10
                0x0000007e                __vector_16
                0x0000007e                __vector_18
                0x0000007e                __vector_20
 .text          0x00000082        0x0 ./MCAL/UART/UART_Program.o
 .text          0x00000082        0x0 ./MCAL/TIMER/TIMER_Program.o
 .text          0x00000082        0x0 ./MCAL/SPI/SPI_program.o
 .text          0x00000082        0x0 ./MCAL/GLOBAL_INT/GLOB_INT_Program.o
 .text          0x00000082        0x0 ./MCAL/EXT_INT/EXT_INT_Program.o
 .text          0x00000082        0x0 ./MCAL/EEPROM/EEPROM_Program.o
 .text          0x00000082        0x0 ./MCAL/DIO/DIO_Program.o
 .text          0x00000082        0x0 ./MCAL/ADC/ADC_Program.o
 .text          0x00000082        0x0 ./HAL/SOLENOID/SOL_Program.o
 .text          0x00000082        0x0 ./HAL/LED/LED_Program.o
 .text          0x00000082        0x0 ./HAL/LCD/LCD_Program.o
 .text          0x00000082        0x0 ./HAL/KEYPAD/KPD_Program.o
 .text          0x00000082        0x0 ./HAL/BUZZER/BUZ_Program.o
 .text          0x00000082        0x0 ./main.o
 .text          0x00000082        0x0 c:/imt_sdk_win_64/winavr/bin/../lib/gcc/avr/4.3.3/avr5\libgcc.a(_divmodsi4.o)
 .text          0x00000082        0x0 c:/imt_sdk_win_64/winavr/bin/../lib/gcc/avr/4.3.3/avr5\libgcc.a(_exit.o)
 .text          0x00000082        0x0 c:/imt_sdk_win_64/winavr/bin/../lib/gcc/avr/4.3.3/avr5\libgcc.a(_copy_data.o)
 .text          0x00000082       0x58 c:/imt_sdk_win_64/winavr/bin/../lib/gcc/avr/4.3.3/avr5\libgcc.a(_fixunssfsi.o)
                0x00000082                __fixunssfsi
 .text          0x000000da      0x354 c:/imt_sdk_win_64/winavr/bin/../lib/gcc/avr/4.3.3/avr5\libgcc.a(_addsub_sf.o)
                0x00000372                __subsf3
                0x000003d4                __addsf3
 .text          0x0000042e      0x1f4 c:/imt_sdk_win_64/winavr/bin/../lib/gcc/avr/4.3.3/avr5\libgcc.a(_mul_sf.o)
                0x0000042e                __mulsf3
 .text          0x00000622       0x60 c:/imt_sdk_win_64/winavr/bin/../lib/gcc/avr/4.3.3/avr5\libgcc.a(_ge_sf.o)
                0x00000622                __gesf2
 .text          0x00000682       0xa8 c:/imt_sdk_win_64/winavr/bin/../lib/gcc/avr/4.3.3/avr5\libgcc.a(_sf_to_si.o)
                0x00000682                __fixsfsi
 .text          0x0000072a        0x0 c:/imt_sdk_win_64/winavr/bin/../lib/gcc/avr/4.3.3/avr5\libgcc.a(_thenan_sf.o)
 .text          0x0000072a       0xf2 c:/imt_sdk_win_64/winavr/bin/../lib/gcc/avr/4.3.3/avr5\libgcc.a(_usi_to_sf.o)
                0x0000072a                __floatunsisf
 .text          0x0000081c        0x0 c:/imt_sdk_win_64/winavr/bin/../lib/gcc/avr/4.3.3/avr5\libgcc.a(_udivmodsi4.o)
 .text          0x0000081c        0x0 c:/imt_sdk_win_64/winavr/bin/../lib/gcc/avr/4.3.3/avr5\libgcc.a(_prologue.o)
 .text          0x0000081c        0x0 c:/imt_sdk_win_64/winavr/bin/../lib/gcc/avr/4.3.3/avr5\libgcc.a(_epilogue.o)
 .text          0x0000081c       0x9e c:/imt_sdk_win_64/winavr/bin/../lib/gcc/avr/4.3.3/avr5\libgcc.a(_clzsi2.o)
                0x0000081c                __clzsi2
 .text          0x000008ba      0x1aa c:/imt_sdk_win_64/winavr/bin/../lib/gcc/avr/4.3.3/avr5\libgcc.a(_pack_sf.o)
                0x000008ba                __pack_f
 .text          0x00000a64       0xf0 c:/imt_sdk_win_64/winavr/bin/../lib/gcc/avr/4.3.3/avr5\libgcc.a(_unpack_sf.o)
                0x00000a64                __unpack_f
 .text          0x00000b54       0xb2 c:/imt_sdk_win_64/winavr/bin/../lib/gcc/avr/4.3.3/avr5\libgcc.a(_fpcmp_parts_sf.o)
                0x00000b54                __fpcmp_parts_f
 .text          0x00000c06        0x0 c:/imt_sdk_win_64/winavr/bin/../lib/gcc/avr/4.3.3/avr5\libgcc.a(_clz.o)
 .text          0x00000c06        0x0 c:/imt_sdk_win_64/winavr/bin/../lib/gcc/avr/4.3.3/../../../../avr/lib/avr5\libc.a(strcmp.o)
                0x00000c06                . = ALIGN (0x2)
 *(.text.*)
 .text.UART_init
                0x00000c06       0x14 ./MCAL/UART/UART_Program.o
                0x00000c06                UART_init
 .text.UART_TxChar
                0x00000c1a        0x8 ./MCAL/UART/UART_Program.o
                0x00000c1a                UART_TxChar
 .text.UART_RxChar
                0x00000c22        0x8 ./MCAL/UART/UART_Program.o
                0x00000c22                UART_RxChar
 .text.UART_SendString
                0x00000c2a       0x14 ./MCAL/UART/UART_Program.o
                0x00000c2a                UART_SendString
 .text.UART_ReceiveString
                0x00000c3e       0x36 ./MCAL/UART/UART_Program.o
                0x00000c3e                UART_ReceiveString
 .text.TIMER0_init
                0x00000c74       0x10 ./MCAL/TIMER/TIMER_Program.o
                0x00000c74                TIMER0_init
 .text.TIMER0_Start
                0x00000c84        0x8 ./MCAL/TIMER/TIMER_Program.o
                0x00000c84                TIMER0_Start
 .text.TIMER0_FAST_PWM_MODE
                0x00000c8c        0xe ./MCAL/TIMER/TIMER_Program.o
                0x00000c8c                TIMER0_FAST_PWM_MODE
 .text.TIMER0_IntrrupetEnable_OV
                0x00000c9a        0x8 ./MCAL/TIMER/TIMER_Program.o
                0x00000c9a                TIMER0_IntrrupetEnable_OV
 .text.TIMER0_IntrrupetDisable_OV
                0x00000ca2        0x8 ./MCAL/TIMER/TIMER_Program.o
                0x00000ca2                TIMER0_IntrrupetDisable_OV
 .text.TIMER0_IntrrupetEnable_OC
                0x00000caa        0x8 ./MCAL/TIMER/TIMER_Program.o
                0x00000caa                TIMER0_IntrrupetEnable_OC
 .text.TIMER0_IntrrupetDisable_OC
                0x00000cb2        0x8 ./MCAL/TIMER/TIMER_Program.o
                0x00000cb2                TIMER0_IntrrupetDisable_OC
 .text.TIMER0_Stop
                0x00000cba        0x4 ./MCAL/TIMER/TIMER_Program.o
                0x00000cba                TIMER0_Stop
 .text.TIMER0_Preload
                0x00000cbe        0x4 ./MCAL/TIMER/TIMER_Program.o
                0x00000cbe                TIMER0_Preload
 .text.TIMER0_OC_Value
                0x00000cc2        0x4 ./MCAL/TIMER/TIMER_Program.o
                0x00000cc2                TIMER0_OC_Value
 .text.TIMER2_init
                0x00000cc6       0x10 ./MCAL/TIMER/TIMER_Program.o
                0x00000cc6                TIMER2_init
 .text.TIMER2_Start
                0x00000cd6       0x14 ./MCAL/TIMER/TIMER_Program.o
                0x00000cd6                TIMER2_Start
 .text.TIMER2_FAST_PWM_MODE
                0x00000cea        0xe ./MCAL/TIMER/TIMER_Program.o
                0x00000cea                TIMER2_FAST_PWM_MODE
 .text.TIMER2_IntrrupetEnable_OV
                0x00000cf8        0x8 ./MCAL/TIMER/TIMER_Program.o
                0x00000cf8                TIMER2_IntrrupetEnable_OV
 .text.TIMER2_IntrrupetDisable_OV
                0x00000d00        0x8 ./MCAL/TIMER/TIMER_Program.o
                0x00000d00                TIMER2_IntrrupetDisable_OV
 .text.TIMER2_IntrrupetEnable_OC
                0x00000d08        0x8 ./MCAL/TIMER/TIMER_Program.o
                0x00000d08                TIMER2_IntrrupetEnable_OC
 .text.TIMER2_IntrrupetDisable_OC
                0x00000d10        0x8 ./MCAL/TIMER/TIMER_Program.o
                0x00000d10                TIMER2_IntrrupetDisable_OC
 .text.TIMER2_Stop
                0x00000d18        0x4 ./MCAL/TIMER/TIMER_Program.o
                0x00000d18                TIMER2_Stop
 .text.TIMER2_Preload
                0x00000d1c        0x4 ./MCAL/TIMER/TIMER_Program.o
                0x00000d1c                TIMER2_Preload
 .text.TIMER2_OC_Value
                0x00000d20        0x4 ./MCAL/TIMER/TIMER_Program.o
                0x00000d20                TIMER2_OC_Value
 .text.vTIMER1_INIT
                0x00000d24       0x1a ./MCAL/TIMER/TIMER_Program.o
                0x00000d24                vTIMER1_INIT
 .text.Timer1_OCRA1Mode
                0x00000d3e       0x34 ./MCAL/TIMER/TIMER_Program.o
                0x00000d3e                Timer1_OCRA1Mode
 .text.Timer1_OCRB1Mode
                0x00000d72       0x34 ./MCAL/TIMER/TIMER_Program.o
                0x00000d72                Timer1_OCRB1Mode
 .text.vTIMER1_START
                0x00000da6        0xe ./MCAL/TIMER/TIMER_Program.o
                0x00000da6                vTIMER1_START
 .text.vTIMER1_STOP
                0x00000db4       0x14 ./MCAL/TIMER/TIMER_Program.o
                0x00000db4                vTIMER1_STOP
 .text.vTIMER1_preload
                0x00000dc8        0x8 ./MCAL/TIMER/TIMER_Program.o
                0x00000dc8                vTIMER1_preload
 .text.vTIMER1_Compare_OCR1A
                0x00000dd0        0x6 ./MCAL/TIMER/TIMER_Program.o
                0x00000dd0                vTIMER1_Compare_OCR1A
 .text.vTIMER1_Compare_OCRB1
                0x00000dd6        0x6 ./MCAL/TIMER/TIMER_Program.o
                0x00000dd6                vTIMER1_Compare_OCRB1
 .text.vTIMER1_ICR1
                0x00000ddc        0x6 ./MCAL/TIMER/TIMER_Program.o
                0x00000ddc                vTIMER1_ICR1
 .text.Timer1_InputCaptureEdge
                0x00000de2        0xc ./MCAL/TIMER/TIMER_Program.o
                0x00000de2                Timer1_InputCaptureEdge
 .text.Timer1_ICR_InterruptEnable
                0x00000dee        0x8 ./MCAL/TIMER/TIMER_Program.o
                0x00000dee                Timer1_ICR_InterruptEnable
 .text.Timer1_ICR_InterruptDisable
                0x00000df6        0x8 ./MCAL/TIMER/TIMER_Program.o
                0x00000df6                Timer1_ICR_InterruptDisable
 .text.Timer1_OVF_InterruptEnable
                0x00000dfe        0x8 ./MCAL/TIMER/TIMER_Program.o
                0x00000dfe                Timer1_OVF_InterruptEnable
 .text.Timer1_OVF_InterruptDisable
                0x00000e06        0x8 ./MCAL/TIMER/TIMER_Program.o
                0x00000e06                Timer1_OVF_InterruptDisable
 .text.Timer1_OCA_InterruptEnable
                0x00000e0e        0x8 ./MCAL/TIMER/TIMER_Program.o
                0x00000e0e                Timer1_OCA_InterruptEnable
 .text.Timer1_OCA_InterruptDisable
                0x00000e16        0x8 ./MCAL/TIMER/TIMER_Program.o
                0x00000e16                Timer1_OCA_InterruptDisable
 .text.Timer1_OCB_InterruptEnable
                0x00000e1e        0x8 ./MCAL/TIMER/TIMER_Program.o
                0x00000e1e                Timer1_OCB_InterruptEnable
 .text.Timer1_OCB_InterruptDisable
                0x00000e26        0x8 ./MCAL/TIMER/TIMER_Program.o
                0x00000e26                Timer1_OCB_InterruptDisable
 .text.SPI_Init
                0x00000e2e       0x12 ./MCAL/SPI/SPI_program.o
                0x00000e2e                SPI_Init
 .text.SPI_Tranceive
                0x00000e40        0xe ./MCAL/SPI/SPI_program.o
                0x00000e40                SPI_Tranceive
 .text.SPI_Enable
                0x00000e4e        0x4 ./MCAL/SPI/SPI_program.o
                0x00000e4e                SPI_Enable
 .text.SPI_Disable
                0x00000e52        0x4 ./MCAL/SPI/SPI_program.o
                0x00000e52                SPI_Disable
 .text.GLOB_INT_Enable
                0x00000e56        0x8 ./MCAL/GLOBAL_INT/GLOB_INT_Program.o
                0x00000e56                GLOB_INT_Enable
 .text.GLOB_INT_Disable
                0x00000e5e        0x8 ./MCAL/GLOBAL_INT/GLOB_INT_Program.o
                0x00000e5e                GLOB_INT_Disable
 .text.EXT_INT_Enable
                0x00000e66       0x24 ./MCAL/EXT_INT/EXT_INT_Program.o
                0x00000e66                EXT_INT_Enable
 .text.EXT_INT_Disable
                0x00000e8a       0x24 ./MCAL/EXT_INT/EXT_INT_Program.o
                0x00000e8a                EXT_INT_Disable
 .text.EXT_INT_setTriggerType
                0x00000eae       0x98 ./MCAL/EXT_INT/EXT_INT_Program.o
                0x00000eae                EXT_INT_setTriggerType
 .text.EEPROM_WriteByte
                0x00000f46       0x10 ./MCAL/EEPROM/EEPROM_Program.o
                0x00000f46                EEPROM_WriteByte
 .text.EEPROM_ReadByte
                0x00000f56        0xe ./MCAL/EEPROM/EEPROM_Program.o
                0x00000f56                EEPROM_ReadByte
 .text.EEPROM_WriteBlock
                0x00000f64       0x48 ./MCAL/EEPROM/EEPROM_Program.o
                0x00000f64                EEPROM_WriteBlock
 .text.EEPROM_ReadBlock
                0x00000fac       0x48 ./MCAL/EEPROM/EEPROM_Program.o
                0x00000fac                EEPROM_ReadBlock
 .text.vSet_Pin_Direction
                0x00000ff4       0xe8 ./MCAL/DIO/DIO_Program.o
                0x00000ff4                vSet_Pin_Direction
 .text.vSet_Pin_OUTPUTvalue
                0x000010dc       0xe8 ./MCAL/DIO/DIO_Program.o
                0x000010dc                vSet_Pin_OUTPUTvalue
 .text.vTOGGLE_Pin
                0x000011c4       0x6a ./MCAL/DIO/DIO_Program.o
                0x000011c4                vTOGGLE_Pin
 .text.vSet_Port_Direction
                0x0000122e       0x54 ./MCAL/DIO/DIO_Program.o
                0x0000122e                vSet_Port_Direction
 .text.vSet_Port_OUTPUTvalue
                0x00001282       0x22 ./MCAL/DIO/DIO_Program.o
                0x00001282                vSet_Port_OUTPUTvalue
 .text.vGIT_PIN
                0x000012a4       0x40 ./MCAL/DIO/DIO_Program.o
                0x000012a4                vGIT_PIN
 .text.vSetInernalPullUp
                0x000012e4        0x8 ./MCAL/DIO/DIO_Program.o
                0x000012e4                vSetInernalPullUp
 .text.ADC_init
                0x000012ec        0xc ./MCAL/ADC/ADC_Program.o
                0x000012ec                ADC_init
 .text.ADC_ReadDigital
                0x000012f8       0x1c ./MCAL/ADC/ADC_Program.o
                0x000012f8                ADC_ReadDigital
 .text.VOLT_READ
                0x00001314       0x1a ./MCAL/ADC/ADC_Program.o
                0x00001314                VOLT_READ
 .text.Solenoid_init
                0x0000132e        0x4 ./HAL/SOLENOID/SOL_Program.o
                0x0000132e                Solenoid_init
 .text.Solenoid_activate
                0x00001332        0x4 ./HAL/SOLENOID/SOL_Program.o
                0x00001332                Solenoid_activate
 .text.Solenoid_deactivate
                0x00001336        0x4 ./HAL/SOLENOID/SOL_Program.o
                0x00001336                Solenoid_deactivate
 .text.LED_init
                0x0000133a        0xc ./HAL/LED/LED_Program.o
                0x0000133a                LED_init
 .text.LED_On   0x00001346        0xc ./HAL/LED/LED_Program.o
                0x00001346                LED_On
 .text.LED_Off  0x00001352        0xc ./HAL/LED/LED_Program.o
                0x00001352                LED_Off
 .text.vLCD_sendDATA
                0x0000135e       0x4c ./HAL/LCD/LCD_Program.o
                0x0000135e                vLCD_sendDATA
 .text.vLCD_Send_String
                0x000013aa       0x18 ./HAL/LCD/LCD_Program.o
                0x000013aa                vLCD_Send_String
 .text.vLCD_SendINTNumber
                0x000013c2      0x118 ./HAL/LCD/LCD_Program.o
                0x000013c2                vLCD_SendINTNumber
 .text.LCD_SendFloatNumber
                0x000014da       0x7e ./HAL/LCD/LCD_Program.o
                0x000014da                LCD_SendFloatNumber
 .text.vLCD_sendCOMMAND
                0x00001558       0x4c ./HAL/LCD/LCD_Program.o
                0x00001558                vLCD_sendCOMMAND
 .text.vLCD_GO_TO
                0x000015a4       0x1c ./HAL/LCD/LCD_Program.o
                0x000015a4                vLCD_GO_TO
 .text.vLCD_Clear
                0x000015c0       0x10 ./HAL/LCD/LCD_Program.o
                0x000015c0                vLCD_Clear
 .text.confirmSelection
                0x000015d0       0x22 ./HAL/LCD/LCD_Program.o
                0x000015d0                confirmSelection
 .text.displayOption
                0x000015f2       0x48 ./HAL/LCD/LCD_Program.o
                0x000015f2                displayOption
 .text.vLCD_init
                0x0000163a       0x68 ./HAL/LCD/LCD_Program.o
                0x0000163a                vLCD_init
 .text.u8KEY_PRESSED
                0x000016a2       0xc8 ./HAL/KEYPAD/KPD_Program.o
                0x000016a2                u8KEY_PRESSED
 .text.getNextOption
                0x0000176a       0x2c ./HAL/KEYPAD/KPD_Program.o
                0x0000176a                getNextOption
 .text.vKEYPAD_init
                0x00001796       0xa2 ./HAL/KEYPAD/KPD_Program.o
                0x00001796                vKEYPAD_init
 .text.Buzzer_Toggle
                0x00001838        0xa ./HAL/BUZZER/BUZ_Program.o
                0x00001838                Buzzer_Toggle
 .text.Buzzer_Off
                0x00001842        0xc ./HAL/BUZZER/BUZ_Program.o
                0x00001842                Buzzer_Off
 .text.Buzzer_On
                0x0000184e        0xc ./HAL/BUZZER/BUZ_Program.o
                0x0000184e                Buzzer_On
 .text.Buzzer_init
                0x0000185a        0xc ./HAL/BUZZER/BUZ_Program.o
                0x0000185a                Buzzer_init
 .text.EEPROM_ReadPassword
                0x00001866       0x26 ./main.o
                0x00001866                EEPROM_ReadPassword
 .text.EEPROM_WritePasswords
                0x0000188c       0x34 ./main.o
                0x0000188c                EEPROM_WritePasswords
 .text.main     0x000018c0      0x138 ./main.o
                0x000018c0                main
 .text.libgcc   0x000019f8       0x36 c:/imt_sdk_win_64/winavr/bin/../lib/gcc/avr/4.3.3/avr5\libgcc.a(_divmodsi4.o)
                0x000019f8                __divmodsi4
 .text.libgcc   0x00001a2e        0x0 c:/imt_sdk_win_64/winavr/bin/../lib/gcc/avr/4.3.3/avr5\libgcc.a(_exit.o)
 .text.libgcc   0x00001a2e        0x0 c:/imt_sdk_win_64/winavr/bin/../lib/gcc/avr/4.3.3/avr5\libgcc.a(_copy_data.o)
 .text.libgcc   0x00001a2e       0x44 c:/imt_sdk_win_64/winavr/bin/../lib/gcc/avr/4.3.3/avr5\libgcc.a(_udivmodsi4.o)
                0x00001a2e                __udivmodsi4
 .text.libgcc   0x00001a72       0x38 c:/imt_sdk_win_64/winavr/bin/../lib/gcc/avr/4.3.3/avr5\libgcc.a(_prologue.o)
                0x00001a72                __prologue_saves__
 .text.libgcc   0x00001aaa       0x36 c:/imt_sdk_win_64/winavr/bin/../lib/gcc/avr/4.3.3/avr5\libgcc.a(_epilogue.o)
                0x00001aaa                __epilogue_restores__
 .text.avr-libc
                0x00001ae0       0x12 c:/imt_sdk_win_64/winavr/bin/../lib/gcc/avr/4.3.3/../../../../avr/lib/avr5\libc.a(strcmp.o)
                0x00001ae0                strcmp
                0x00001af2                . = ALIGN (0x2)
 *(.fini9)
 .fini9         0x00001af2        0x0 c:/imt_sdk_win_64/winavr/bin/../lib/gcc/avr/4.3.3/avr5\libgcc.a(_exit.o)
                0x00001af2                exit
                0x00001af2                _exit
 *(.fini9)
 *(.fini8)
 *(.fini8)
 *(.fini7)
 *(.fini7)
 *(.fini6)
 *(.fini6)
 *(.fini5)
 *(.fini5)
 *(.fini4)
 *(.fini4)
 *(.fini3)
 *(.fini3)
 *(.fini2)
 *(.fini2)
 *(.fini1)
 *(.fini1)
 *(.fini0)
 .fini0         0x00001af2        0x4 c:/imt_sdk_win_64/winavr/bin/../lib/gcc/avr/4.3.3/avr5\libgcc.a(_exit.o)
 *(.fini0)
                0x00001af6                _etext = .

.data           0x00800060      0x2f8 load address 0x00001af6
                0x00800060                PROVIDE (__data_start, .)
 *(.data)
 .data          0x00800060        0x0 c:/imt_sdk_win_64/winavr/bin/../lib/gcc/avr/4.3.3/../../../../avr/lib/avr5/crtm32.o
 .data          0x00800060        0x0 ./MCAL/UART/UART_Program.o
 .data          0x00800060        0x0 ./MCAL/TIMER/TIMER_Program.o
 .data          0x00800060        0x0 ./MCAL/SPI/SPI_program.o
 .data          0x00800060        0x0 ./MCAL/GLOBAL_INT/GLOB_INT_Program.o
 .data          0x00800060        0x0 ./MCAL/EXT_INT/EXT_INT_Program.o
 .data          0x00800060        0x0 ./MCAL/EEPROM/EEPROM_Program.o
 .data          0x00800060        0x0 ./MCAL/DIO/DIO_Program.o
 .data          0x00800060        0x0 ./MCAL/ADC/ADC_Program.o
 .data          0x00800060        0x0 ./HAL/SOLENOID/SOL_Program.o
 .data          0x00800060        0x0 ./HAL/LED/LED_Program.o
 .data          0x00800060       0x71 ./HAL/LCD/LCD_Program.o
 .data          0x008000d1        0x0 ./HAL/KEYPAD/KPD_Program.o
 .data          0x008000d1        0x0 ./HAL/BUZZER/BUZ_Program.o
 .data          0x008000d1      0x12d ./main.o
 .data          0x008001fe        0x0 c:/imt_sdk_win_64/winavr/bin/../lib/gcc/avr/4.3.3/avr5\libgcc.a(_divmodsi4.o)
 .data          0x008001fe        0x0 c:/imt_sdk_win_64/winavr/bin/../lib/gcc/avr/4.3.3/avr5\libgcc.a(_exit.o)
 .data          0x008001fe        0x0 c:/imt_sdk_win_64/winavr/bin/../lib/gcc/avr/4.3.3/avr5\libgcc.a(_copy_data.o)
 .data          0x008001fe        0x0 c:/imt_sdk_win_64/winavr/bin/../lib/gcc/avr/4.3.3/avr5\libgcc.a(_fixunssfsi.o)
 .data          0x008001fe        0x0 c:/imt_sdk_win_64/winavr/bin/../lib/gcc/avr/4.3.3/avr5\libgcc.a(_addsub_sf.o)
 .data          0x008001fe        0x0 c:/imt_sdk_win_64/winavr/bin/../lib/gcc/avr/4.3.3/avr5\libgcc.a(_mul_sf.o)
 .data          0x008001fe        0x0 c:/imt_sdk_win_64/winavr/bin/../lib/gcc/avr/4.3.3/avr5\libgcc.a(_ge_sf.o)
 .data          0x008001fe        0x0 c:/imt_sdk_win_64/winavr/bin/../lib/gcc/avr/4.3.3/avr5\libgcc.a(_sf_to_si.o)
 .data          0x008001fe        0x8 c:/imt_sdk_win_64/winavr/bin/../lib/gcc/avr/4.3.3/avr5\libgcc.a(_thenan_sf.o)
                0x008001fe                __thenan_sf
 .data          0x00800206        0x0 c:/imt_sdk_win_64/winavr/bin/../lib/gcc/avr/4.3.3/avr5\libgcc.a(_usi_to_sf.o)
 .data          0x00800206        0x0 c:/imt_sdk_win_64/winavr/bin/../lib/gcc/avr/4.3.3/avr5\libgcc.a(_udivmodsi4.o)
 .data          0x00800206        0x0 c:/imt_sdk_win_64/winavr/bin/../lib/gcc/avr/4.3.3/avr5\libgcc.a(_prologue.o)
 .data          0x00800206        0x0 c:/imt_sdk_win_64/winavr/bin/../lib/gcc/avr/4.3.3/avr5\libgcc.a(_epilogue.o)
 .data          0x00800206        0x0 c:/imt_sdk_win_64/winavr/bin/../lib/gcc/avr/4.3.3/avr5\libgcc.a(_clzsi2.o)
 .data          0x00800206        0x0 c:/imt_sdk_win_64/winavr/bin/../lib/gcc/avr/4.3.3/avr5\libgcc.a(_pack_sf.o)
 .data          0x00800206        0x0 c:/imt_sdk_win_64/winavr/bin/../lib/gcc/avr/4.3.3/avr5\libgcc.a(_unpack_sf.o)
 .data          0x00800206        0x0 c:/imt_sdk_win_64/winavr/bin/../lib/gcc/avr/4.3.3/avr5\libgcc.a(_fpcmp_parts_sf.o)
 .data          0x00800206      0x100 c:/imt_sdk_win_64/winavr/bin/../lib/gcc/avr/4.3.3/avr5\libgcc.a(_clz.o)
                0x00800206                __clz_tab
 .data          0x00800306        0x0 c:/imt_sdk_win_64/winavr/bin/../lib/gcc/avr/4.3.3/../../../../avr/lib/avr5\libc.a(strcmp.o)
 *(.data*)
 .data.COL_PORT
                0x00800306        0x4 ./HAL/KEYPAD/KPD_Program.o
                0x00800306                COL_PORT
 .data.COL_PIN  0x0080030a        0x4 ./HAL/KEYPAD/KPD_Program.o
                0x0080030a                COL_PIN
 .data.ROW_PORT
                0x0080030e        0x4 ./HAL/KEYPAD/KPD_Program.o
                0x0080030e                ROW_PORT
 .data.ROW_PIN  0x00800312        0x4 ./HAL/KEYPAD/KPD_Program.o
                0x00800312                ROW_PIN
 .data.key_p    0x00800316       0x10 ./HAL/KEYPAD/KPD_Program.o
                0x00800316                key_p
 .data.predefined_passwords
                0x00800326       0x32 ./main.o
                0x00800326                predefined_passwords
 *(.rodata)
 *(.rodata*)
 *(.gnu.linkonce.d*)
                0x00800358                . = ALIGN (0x2)
                0x00800358                _edata = .
                0x00800358                PROVIDE (__data_end, .)

.bss            0x00800358        0x0
                0x00800358                PROVIDE (__bss_start, .)
 *(.bss)
 .bss           0x00800358        0x0 c:/imt_sdk_win_64/winavr/bin/../lib/gcc/avr/4.3.3/../../../../avr/lib/avr5/crtm32.o
 .bss           0x00800358        0x0 ./MCAL/UART/UART_Program.o
 .bss           0x00800358        0x0 ./MCAL/TIMER/TIMER_Program.o
 .bss           0x00800358        0x0 ./MCAL/SPI/SPI_program.o
 .bss           0x00800358        0x0 ./MCAL/GLOBAL_INT/GLOB_INT_Program.o
 .bss           0x00800358        0x0 ./MCAL/EXT_INT/EXT_INT_Program.o
 .bss           0x00800358        0x0 ./MCAL/EEPROM/EEPROM_Program.o
 .bss           0x00800358        0x0 ./MCAL/DIO/DIO_Program.o
 .bss           0x00800358        0x0 ./MCAL/ADC/ADC_Program.o
 .bss           0x00800358        0x0 ./HAL/SOLENOID/SOL_Program.o
 .bss           0x00800358        0x0 ./HAL/LED/LED_Program.o
 .bss           0x00800358        0x0 ./HAL/LCD/LCD_Program.o
 .bss           0x00800358        0x0 ./HAL/KEYPAD/KPD_Program.o
 .bss           0x00800358        0x0 ./HAL/BUZZER/BUZ_Program.o
 .bss           0x00800358        0x0 ./main.o
 .bss           0x00800358        0x0 c:/imt_sdk_win_64/winavr/bin/../lib/gcc/avr/4.3.3/avr5\libgcc.a(_divmodsi4.o)
 .bss           0x00800358        0x0 c:/imt_sdk_win_64/winavr/bin/../lib/gcc/avr/4.3.3/avr5\libgcc.a(_exit.o)
 .bss           0x00800358        0x0 c:/imt_sdk_win_64/winavr/bin/../lib/gcc/avr/4.3.3/avr5\libgcc.a(_copy_data.o)
 .bss           0x00800358        0x0 c:/imt_sdk_win_64/winavr/bin/../lib/gcc/avr/4.3.3/avr5\libgcc.a(_fixunssfsi.o)
 .bss           0x00800358        0x0 c:/imt_sdk_win_64/winavr/bin/../lib/gcc/avr/4.3.3/avr5\libgcc.a(_addsub_sf.o)
 .bss           0x00800358        0x0 c:/imt_sdk_win_64/winavr/bin/../lib/gcc/avr/4.3.3/avr5\libgcc.a(_mul_sf.o)
 .bss           0x00800358        0x0 c:/imt_sdk_win_64/winavr/bin/../lib/gcc/avr/4.3.3/avr5\libgcc.a(_ge_sf.o)
 .bss           0x00800358        0x0 c:/imt_sdk_win_64/winavr/bin/../lib/gcc/avr/4.3.3/avr5\libgcc.a(_sf_to_si.o)
 .bss           0x00800358        0x0 c:/imt_sdk_win_64/winavr/bin/../lib/gcc/avr/4.3.3/avr5\libgcc.a(_thenan_sf.o)
 .bss           0x00800358        0x0 c:/imt_sdk_win_64/winavr/bin/../lib/gcc/avr/4.3.3/avr5\libgcc.a(_usi_to_sf.o)
 .bss           0x00800358        0x0 c:/imt_sdk_win_64/winavr/bin/../lib/gcc/avr/4.3.3/avr5\libgcc.a(_udivmodsi4.o)
 .bss           0x00800358        0x0 c:/imt_sdk_win_64/winavr/bin/../lib/gcc/avr/4.3.3/avr5\libgcc.a(_prologue.o)
 .bss           0x00800358        0x0 c:/imt_sdk_win_64/winavr/bin/../lib/gcc/avr/4.3.3/avr5\libgcc.a(_epilogue.o)
 .bss           0x00800358        0x0 c:/imt_sdk_win_64/winavr/bin/../lib/gcc/avr/4.3.3/avr5\libgcc.a(_clzsi2.o)
 .bss           0x00800358        0x0 c:/imt_sdk_win_64/winavr/bin/../lib/gcc/avr/4.3.3/avr5\libgcc.a(_pack_sf.o)
 .bss           0x00800358        0x0 c:/imt_sdk_win_64/winavr/bin/../lib/gcc/avr/4.3.3/avr5\libgcc.a(_unpack_sf.o)
 .bss           0x00800358        0x0 c:/imt_sdk_win_64/winavr/bin/../lib/gcc/avr/4.3.3/avr5\libgcc.a(_fpcmp_parts_sf.o)
 .bss           0x00800358        0x0 c:/imt_sdk_win_64/winavr/bin/../lib/gcc/avr/4.3.3/avr5\libgcc.a(_clz.o)
 .bss           0x00800358        0x0 c:/imt_sdk_win_64/winavr/bin/../lib/gcc/avr/4.3.3/../../../../avr/lib/avr5\libc.a(strcmp.o)
 *(.bss*)
 *(COMMON)
                0x00800358                PROVIDE (__bss_end, .)
                0x00001af6                __data_load_start = LOADADDR (.data)
                0x00001dee                __data_load_end = (__data_load_start + SIZEOF (.data))

.noinit         0x00800358        0x0
                0x00800358                PROVIDE (__noinit_start, .)
 *(.noinit*)
                0x00800358                PROVIDE (__noinit_end, .)
                0x00800358                _end = .
                0x00800358                PROVIDE (__heap_start, .)

.eeprom         0x00810000        0x0
 *(.eeprom*)
                0x00810000                __eeprom_end = .

.fuse
 *(.fuse)
 *(.lfuse)
 *(.hfuse)
 *(.efuse)

.lock
 *(.lock*)

.signature
 *(.signature*)

.stab
 *(.stab)

.stabstr
 *(.stabstr)

.stab.excl
 *(.stab.excl)

.stab.exclstr
 *(.stab.exclstr)

.stab.index
 *(.stab.index)

.stab.indexstr
 *(.stab.indexstr)

.comment
 *(.comment)

.debug
 *(.debug)

.line
 *(.line)

.debug_srcinfo
 *(.debug_srcinfo)

.debug_sfnames
 *(.debug_sfnames)

.debug_aranges  0x00000000      0x140
 *(.debug_aranges)
 .debug_aranges
                0x00000000       0x20 c:/imt_sdk_win_64/winavr/bin/../lib/gcc/avr/4.3.3/avr5\libgcc.a(_fixunssfsi.o)
 .debug_aranges
                0x00000020       0x20 c:/imt_sdk_win_64/winavr/bin/../lib/gcc/avr/4.3.3/avr5\libgcc.a(_addsub_sf.o)
 .debug_aranges
                0x00000040       0x20 c:/imt_sdk_win_64/winavr/bin/../lib/gcc/avr/4.3.3/avr5\libgcc.a(_mul_sf.o)
 .debug_aranges
                0x00000060       0x20 c:/imt_sdk_win_64/winavr/bin/../lib/gcc/avr/4.3.3/avr5\libgcc.a(_ge_sf.o)
 .debug_aranges
                0x00000080       0x20 c:/imt_sdk_win_64/winavr/bin/../lib/gcc/avr/4.3.3/avr5\libgcc.a(_sf_to_si.o)
 .debug_aranges
                0x000000a0       0x20 c:/imt_sdk_win_64/winavr/bin/../lib/gcc/avr/4.3.3/avr5\libgcc.a(_usi_to_sf.o)
 .debug_aranges
                0x000000c0       0x20 c:/imt_sdk_win_64/winavr/bin/../lib/gcc/avr/4.3.3/avr5\libgcc.a(_clzsi2.o)
 .debug_aranges
                0x000000e0       0x20 c:/imt_sdk_win_64/winavr/bin/../lib/gcc/avr/4.3.3/avr5\libgcc.a(_pack_sf.o)
 .debug_aranges
                0x00000100       0x20 c:/imt_sdk_win_64/winavr/bin/../lib/gcc/avr/4.3.3/avr5\libgcc.a(_unpack_sf.o)
 .debug_aranges
                0x00000120       0x20 c:/imt_sdk_win_64/winavr/bin/../lib/gcc/avr/4.3.3/avr5\libgcc.a(_fpcmp_parts_sf.o)

.debug_pubnames
                0x00000000      0x197
 *(.debug_pubnames)
 .debug_pubnames
                0x00000000       0x23 c:/imt_sdk_win_64/winavr/bin/../lib/gcc/avr/4.3.3/avr5\libgcc.a(_fixunssfsi.o)
 .debug_pubnames
                0x00000023       0x2c c:/imt_sdk_win_64/winavr/bin/../lib/gcc/avr/4.3.3/avr5\libgcc.a(_addsub_sf.o)
 .debug_pubnames
                0x0000004f       0x1f c:/imt_sdk_win_64/winavr/bin/../lib/gcc/avr/4.3.3/avr5\libgcc.a(_mul_sf.o)
 .debug_pubnames
                0x0000006e       0x1e c:/imt_sdk_win_64/winavr/bin/../lib/gcc/avr/4.3.3/avr5\libgcc.a(_ge_sf.o)
 .debug_pubnames
                0x0000008c       0x20 c:/imt_sdk_win_64/winavr/bin/../lib/gcc/avr/4.3.3/avr5\libgcc.a(_sf_to_si.o)
 .debug_pubnames
                0x000000ac       0x22 c:/imt_sdk_win_64/winavr/bin/../lib/gcc/avr/4.3.3/avr5\libgcc.a(_thenan_sf.o)
 .debug_pubnames
                0x000000ce       0x24 c:/imt_sdk_win_64/winavr/bin/../lib/gcc/avr/4.3.3/avr5\libgcc.a(_usi_to_sf.o)
 .debug_pubnames
                0x000000f2       0x1f c:/imt_sdk_win_64/winavr/bin/../lib/gcc/avr/4.3.3/avr5\libgcc.a(_clzsi2.o)
 .debug_pubnames
                0x00000111       0x1f c:/imt_sdk_win_64/winavr/bin/../lib/gcc/avr/4.3.3/avr5\libgcc.a(_pack_sf.o)
 .debug_pubnames
                0x00000130       0x21 c:/imt_sdk_win_64/winavr/bin/../lib/gcc/avr/4.3.3/avr5\libgcc.a(_unpack_sf.o)
 .debug_pubnames
                0x00000151       0x26 c:/imt_sdk_win_64/winavr/bin/../lib/gcc/avr/4.3.3/avr5\libgcc.a(_fpcmp_parts_sf.o)
 .debug_pubnames
                0x00000177       0x20 c:/imt_sdk_win_64/winavr/bin/../lib/gcc/avr/4.3.3/avr5\libgcc.a(_clz.o)

.debug_info     0x00000000     0x1b11
 *(.debug_info)
 .debug_info    0x00000000       0xb1 c:/imt_sdk_win_64/winavr/bin/../lib/gcc/avr/4.3.3/avr5\libgcc.a(_fixunssfsi.o)
 .debug_info    0x000000b1      0x47a c:/imt_sdk_win_64/winavr/bin/../lib/gcc/avr/4.3.3/avr5\libgcc.a(_addsub_sf.o)
 .debug_info    0x0000052b      0x485 c:/imt_sdk_win_64/winavr/bin/../lib/gcc/avr/4.3.3/avr5\libgcc.a(_mul_sf.o)
 .debug_info    0x000009b0      0x27f c:/imt_sdk_win_64/winavr/bin/../lib/gcc/avr/4.3.3/avr5\libgcc.a(_ge_sf.o)
 .debug_info    0x00000c2f      0x2b0 c:/imt_sdk_win_64/winavr/bin/../lib/gcc/avr/4.3.3/avr5\libgcc.a(_sf_to_si.o)
 .debug_info    0x00000edf      0x12c c:/imt_sdk_win_64/winavr/bin/../lib/gcc/avr/4.3.3/avr5\libgcc.a(_thenan_sf.o)
 .debug_info    0x0000100b      0x206 c:/imt_sdk_win_64/winavr/bin/../lib/gcc/avr/4.3.3/avr5\libgcc.a(_usi_to_sf.o)
 .debug_info    0x00001211      0x117 c:/imt_sdk_win_64/winavr/bin/../lib/gcc/avr/4.3.3/avr5\libgcc.a(_clzsi2.o)
 .debug_info    0x00001328      0x2df c:/imt_sdk_win_64/winavr/bin/../lib/gcc/avr/4.3.3/avr5\libgcc.a(_pack_sf.o)
 .debug_info    0x00001607      0x251 c:/imt_sdk_win_64/winavr/bin/../lib/gcc/avr/4.3.3/avr5\libgcc.a(_unpack_sf.o)
 .debug_info    0x00001858      0x210 c:/imt_sdk_win_64/winavr/bin/../lib/gcc/avr/4.3.3/avr5\libgcc.a(_fpcmp_parts_sf.o)
 .debug_info    0x00001a68       0xa9 c:/imt_sdk_win_64/winavr/bin/../lib/gcc/avr/4.3.3/avr5\libgcc.a(_clz.o)
 *(.gnu.linkonce.wi.*)

.debug_abbrev   0x00000000      0xebc
 *(.debug_abbrev)
 .debug_abbrev  0x00000000       0x5d c:/imt_sdk_win_64/winavr/bin/../lib/gcc/avr/4.3.3/avr5\libgcc.a(_fixunssfsi.o)
 .debug_abbrev  0x0000005d      0x1ea c:/imt_sdk_win_64/winavr/bin/../lib/gcc/avr/4.3.3/avr5\libgcc.a(_addsub_sf.o)
 .debug_abbrev  0x00000247      0x21b c:/imt_sdk_win_64/winavr/bin/../lib/gcc/avr/4.3.3/avr5\libgcc.a(_mul_sf.o)
 .debug_abbrev  0x00000462      0x15a c:/imt_sdk_win_64/winavr/bin/../lib/gcc/avr/4.3.3/avr5\libgcc.a(_ge_sf.o)
 .debug_abbrev  0x000005bc      0x17f c:/imt_sdk_win_64/winavr/bin/../lib/gcc/avr/4.3.3/avr5\libgcc.a(_sf_to_si.o)
 .debug_abbrev  0x0000073b       0xad c:/imt_sdk_win_64/winavr/bin/../lib/gcc/avr/4.3.3/avr5\libgcc.a(_thenan_sf.o)
 .debug_abbrev  0x000007e8      0x157 c:/imt_sdk_win_64/winavr/bin/../lib/gcc/avr/4.3.3/avr5\libgcc.a(_usi_to_sf.o)
 .debug_abbrev  0x0000093f       0xc4 c:/imt_sdk_win_64/winavr/bin/../lib/gcc/avr/4.3.3/avr5\libgcc.a(_clzsi2.o)
 .debug_abbrev  0x00000a03      0x1c0 c:/imt_sdk_win_64/winavr/bin/../lib/gcc/avr/4.3.3/avr5\libgcc.a(_pack_sf.o)
 .debug_abbrev  0x00000bc3      0x154 c:/imt_sdk_win_64/winavr/bin/../lib/gcc/avr/4.3.3/avr5\libgcc.a(_unpack_sf.o)
 .debug_abbrev  0x00000d17      0x13b c:/imt_sdk_win_64/winavr/bin/../lib/gcc/avr/4.3.3/avr5\libgcc.a(_fpcmp_parts_sf.o)
 .debug_abbrev  0x00000e52       0x6a c:/imt_sdk_win_64/winavr/bin/../lib/gcc/avr/4.3.3/avr5\libgcc.a(_clz.o)

.debug_line     0x00000000      0xe5b
 *(.debug_line)
 .debug_line    0x00000000       0xa7 c:/imt_sdk_win_64/winavr/bin/../lib/gcc/avr/4.3.3/avr5\libgcc.a(_fixunssfsi.o)
 .debug_line    0x000000a7      0x2af c:/imt_sdk_win_64/winavr/bin/../lib/gcc/avr/4.3.3/avr5\libgcc.a(_addsub_sf.o)
 .debug_line    0x00000356      0x239 c:/imt_sdk_win_64/winavr/bin/../lib/gcc/avr/4.3.3/avr5\libgcc.a(_mul_sf.o)
 .debug_line    0x0000058f       0xd3 c:/imt_sdk_win_64/winavr/bin/../lib/gcc/avr/4.3.3/avr5\libgcc.a(_ge_sf.o)
 .debug_line    0x00000662      0x109 c:/imt_sdk_win_64/winavr/bin/../lib/gcc/avr/4.3.3/avr5\libgcc.a(_sf_to_si.o)
 .debug_line    0x0000076b       0x90 c:/imt_sdk_win_64/winavr/bin/../lib/gcc/avr/4.3.3/avr5\libgcc.a(_thenan_sf.o)
 .debug_line    0x000007fb      0x133 c:/imt_sdk_win_64/winavr/bin/../lib/gcc/avr/4.3.3/avr5\libgcc.a(_usi_to_sf.o)
 .debug_line    0x0000092e       0xa5 c:/imt_sdk_win_64/winavr/bin/../lib/gcc/avr/4.3.3/avr5\libgcc.a(_clzsi2.o)
 .debug_line    0x000009d3      0x18a c:/imt_sdk_win_64/winavr/bin/../lib/gcc/avr/4.3.3/avr5\libgcc.a(_pack_sf.o)
 .debug_line    0x00000b5d      0x14b c:/imt_sdk_win_64/winavr/bin/../lib/gcc/avr/4.3.3/avr5\libgcc.a(_unpack_sf.o)
 .debug_line    0x00000ca8      0x137 c:/imt_sdk_win_64/winavr/bin/../lib/gcc/avr/4.3.3/avr5\libgcc.a(_fpcmp_parts_sf.o)
 .debug_line    0x00000ddf       0x7c c:/imt_sdk_win_64/winavr/bin/../lib/gcc/avr/4.3.3/avr5\libgcc.a(_clz.o)

.debug_frame    0x00000000      0x160
 *(.debug_frame)
 .debug_frame   0x00000000       0x20 c:/imt_sdk_win_64/winavr/bin/../lib/gcc/avr/4.3.3/avr5\libgcc.a(_fixunssfsi.o)
 .debug_frame   0x00000020       0x40 c:/imt_sdk_win_64/winavr/bin/../lib/gcc/avr/4.3.3/avr5\libgcc.a(_addsub_sf.o)
 .debug_frame   0x00000060       0x20 c:/imt_sdk_win_64/winavr/bin/../lib/gcc/avr/4.3.3/avr5\libgcc.a(_mul_sf.o)
 .debug_frame   0x00000080       0x20 c:/imt_sdk_win_64/winavr/bin/../lib/gcc/avr/4.3.3/avr5\libgcc.a(_ge_sf.o)
 .debug_frame   0x000000a0       0x20 c:/imt_sdk_win_64/winavr/bin/../lib/gcc/avr/4.3.3/avr5\libgcc.a(_sf_to_si.o)
 .debug_frame   0x000000c0       0x20 c:/imt_sdk_win_64/winavr/bin/../lib/gcc/avr/4.3.3/avr5\libgcc.a(_usi_to_sf.o)
 .debug_frame   0x000000e0       0x20 c:/imt_sdk_win_64/winavr/bin/../lib/gcc/avr/4.3.3/avr5\libgcc.a(_clzsi2.o)
 .debug_frame   0x00000100       0x20 c:/imt_sdk_win_64/winavr/bin/../lib/gcc/avr/4.3.3/avr5\libgcc.a(_pack_sf.o)
 .debug_frame   0x00000120       0x20 c:/imt_sdk_win_64/winavr/bin/../lib/gcc/avr/4.3.3/avr5\libgcc.a(_unpack_sf.o)
 .debug_frame   0x00000140       0x20 c:/imt_sdk_win_64/winavr/bin/../lib/gcc/avr/4.3.3/avr5\libgcc.a(_fpcmp_parts_sf.o)

.debug_str      0x00000000      0x2b1
 *(.debug_str)
 .debug_str     0x00000000       0xbf c:/imt_sdk_win_64/winavr/bin/../lib/gcc/avr/4.3.3/avr5\libgcc.a(_fixunssfsi.o)
                                 0xfe (size before relaxing)
 .debug_str     0x000000bf      0x14d c:/imt_sdk_win_64/winavr/bin/../lib/gcc/avr/4.3.3/avr5\libgcc.a(_addsub_sf.o)
                                0x206 (size before relaxing)
 .debug_str     0x0000020c       0x27 c:/imt_sdk_win_64/winavr/bin/../lib/gcc/avr/4.3.3/avr5\libgcc.a(_mul_sf.o)
                                0x1bf (size before relaxing)
 .debug_str     0x00000233        0x8 c:/imt_sdk_win_64/winavr/bin/../lib/gcc/avr/4.3.3/avr5\libgcc.a(_ge_sf.o)
                                0x195 (size before relaxing)
 .debug_str     0x0000023b        0xa c:/imt_sdk_win_64/winavr/bin/../lib/gcc/avr/4.3.3/avr5\libgcc.a(_sf_to_si.o)
                                0x19e (size before relaxing)
 .debug_str     0x00000000      0x103 c:/imt_sdk_win_64/winavr/bin/../lib/gcc/avr/4.3.3/avr5\libgcc.a(_thenan_sf.o)
 .debug_str     0x00000245       0x21 c:/imt_sdk_win_64/winavr/bin/../lib/gcc/avr/4.3.3/avr5\libgcc.a(_usi_to_sf.o)
                                0x177 (size before relaxing)
 .debug_str     0x00000266       0x20 c:/imt_sdk_win_64/winavr/bin/../lib/gcc/avr/4.3.3/avr5\libgcc.a(_clzsi2.o)
                                0x111 (size before relaxing)
 .debug_str     0x00000286       0x10 c:/imt_sdk_win_64/winavr/bin/../lib/gcc/avr/4.3.3/avr5\libgcc.a(_pack_sf.o)
                                0x19d (size before relaxing)
 .debug_str     0x00000296        0xb c:/imt_sdk_win_64/winavr/bin/../lib/gcc/avr/4.3.3/avr5\libgcc.a(_unpack_sf.o)
                                0x17f (size before relaxing)
 .debug_str     0x000002a1       0x10 c:/imt_sdk_win_64/winavr/bin/../lib/gcc/avr/4.3.3/avr5\libgcc.a(_fpcmp_parts_sf.o)
                                0x163 (size before relaxing)
 .debug_str     0x00000000       0xf4 c:/imt_sdk_win_64/winavr/bin/../lib/gcc/avr/4.3.3/avr5\libgcc.a(_clz.o)

.debug_loc      0x00000000      0x836
 *(.debug_loc)
 .debug_loc     0x00000000       0x34 c:/imt_sdk_win_64/winavr/bin/../lib/gcc/avr/4.3.3/avr5\libgcc.a(_fixunssfsi.o)
 .debug_loc     0x00000034      0x32a c:/imt_sdk_win_64/winavr/bin/../lib/gcc/avr/4.3.3/avr5\libgcc.a(_addsub_sf.o)
 .debug_loc     0x0000035e      0x104 c:/imt_sdk_win_64/winavr/bin/../lib/gcc/avr/4.3.3/avr5\libgcc.a(_mul_sf.o)
 .debug_loc     0x00000462       0x3c c:/imt_sdk_win_64/winavr/bin/../lib/gcc/avr/4.3.3/avr5\libgcc.a(_ge_sf.o)
 .debug_loc     0x0000049e       0x7e c:/imt_sdk_win_64/winavr/bin/../lib/gcc/avr/4.3.3/avr5\libgcc.a(_sf_to_si.o)
 .debug_loc     0x0000051c       0x4c c:/imt_sdk_win_64/winavr/bin/../lib/gcc/avr/4.3.3/avr5\libgcc.a(_usi_to_sf.o)
 .debug_loc     0x00000568       0x94 c:/imt_sdk_win_64/winavr/bin/../lib/gcc/avr/4.3.3/avr5\libgcc.a(_clzsi2.o)
 .debug_loc     0x000005fc      0x13e c:/imt_sdk_win_64/winavr/bin/../lib/gcc/avr/4.3.3/avr5\libgcc.a(_pack_sf.o)
 .debug_loc     0x0000073a       0xac c:/imt_sdk_win_64/winavr/bin/../lib/gcc/avr/4.3.3/avr5\libgcc.a(_unpack_sf.o)
 .debug_loc     0x000007e6       0x50 c:/imt_sdk_win_64/winavr/bin/../lib/gcc/avr/4.3.3/avr5\libgcc.a(_fpcmp_parts_sf.o)

.debug_macinfo
 *(.debug_macinfo)
OUTPUT(test2_final_project.elf elf32-avr)
LOAD linker stubs

.debug_ranges   0x00000000       0x50
 .debug_ranges  0x00000000       0x50 c:/imt_sdk_win_64/winavr/bin/../lib/gcc/avr/4.3.3/avr5\libgcc.a(_mul_sf.o)
